Using device: cuda
Parallel Envs: 4096
Stage-B: Training BG + Thalamus + Cerebellum + PredHead (316575 params)
Starting Vectorized PPO Training (4096 envs, 128 steps/upd)...
[B] Upd   10 | EV 0.06 | KL 0.0048 | DA_std 37.51 | W_max 0.25 | Tr_max 6.22 | PolW 0.04 | FPS 52173
  -> Eval SR: 0.500
  -> New Best SR: 0.500
[B] Upd   20 | EV 0.13 | KL 0.0059 | DA_std 76.97 | W_max 0.22 | Tr_max 3.87 | PolW 0.07 | FPS 51293
  -> Eval SR: 0.562
  -> New Best SR: 0.562
[B] Upd   30 | EV 0.09 | KL 0.0037 | DA_std 116.60 | W_max 0.24 | Tr_max 2.99 | PolW 0.09 | FPS 48740
  -> Eval SR: 0.703
  -> New Best SR: 0.703
[B] Upd   40 | EV 0.11 | KL 0.0036 | DA_std 153.17 | W_max 0.25 | Tr_max 2.53 | PolW 0.11 | FPS 48345
  -> Eval SR: 0.750
  -> New Best SR: 0.750
[B] Upd   50 | EV 0.07 | KL 0.0041 | DA_std 188.48 | W_max 0.27 | Tr_max 2.21 | PolW 0.12 | FPS 47407
  -> Eval SR: 0.844
  -> New Best SR: 0.844
[B] Upd   60 | EV 0.06 | KL 0.0032 | DA_std 216.57 | W_max 0.28 | Tr_max 1.99 | PolW 0.12 | FPS 46725
  -> Eval SR: 0.859
  -> New Best SR: 0.859
[B] Upd   70 | EV 0.04 | KL 0.0034 | DA_std 240.50 | W_max 0.28 | Tr_max 1.79 | PolW 0.13 | FPS 46321
  -> Eval SR: 0.938
  -> New Best SR: 0.938
[B] Upd   80 | EV 0.04 | KL 0.0032 | DA_std 254.00 | W_max 0.28 | Tr_max 1.69 | PolW 0.14 | FPS 44017
  -> Eval SR: 0.938
[B] Upd   90 | EV 0.02 | KL 0.0035 | DA_std 262.95 | W_max 0.28 | Tr_max 1.61 | PolW 0.15 | FPS 44895
  -> Eval SR: 0.969
  -> New Best SR: 0.969
/home/ahmed/.local/lib/python3.13/site-packages/numpy/_core/fromnumeric.py:3860: RuntimeWarning: Mean of empty slice.
  return _methods._mean(a, axis=axis, dtype=dtype,
/home/ahmed/.local/lib/python3.13/site-packages/numpy/_core/_methods.py:144: RuntimeWarning: invalid value encountered in scalar divide
  ret = ret.dtype.type(ret / rcount)
