Using device: cuda
Parallel Envs: 4096
Stage-B: Training BG + Thalamus + Cerebellum + PredHead (316575 params)
Starting Vectorized PPO Training (4096 envs, 128 steps/upd)...
/home/ahmed/.local/lib/python3.13/site-packages/numpy/_core/fromnumeric.py:3860: RuntimeWarning: Mean of empty slice.
  return _methods._mean(a, axis=axis, dtype=dtype,
/home/ahmed/.local/lib/python3.13/site-packages/numpy/_core/_methods.py:144: RuntimeWarning: invalid value encountered in scalar divide
  ret = ret.dtype.type(ret / rcount)
[B] Upd   10 | EV 0.04 | KL 0.0052 | DA_std 21.41 | W_max 0.21 | Tr_max 11.43 | PolW 0.06 | FPS 60755
  -> Eval SR: 0.250
  -> New Best SR: 0.250
[B] Upd   20 | EV 0.03 | KL 0.0057 | DA_std 38.08 | W_max 0.22 | Tr_max 7.34 | PolW 0.08 | FPS 59389
  -> Eval SR: 0.516
  -> New Best SR: 0.516
[B] Upd   30 | EV 0.02 | KL 0.0065 | DA_std 57.86 | W_max 0.22 | Tr_max 5.08 | PolW 0.10 | FPS 60646
  -> Eval SR: 0.641
  -> New Best SR: 0.641
[B] Upd   40 | EV -0.01 | KL 0.0208 | DA_std 76.52 | W_max 0.23 | Tr_max 4.13 | PolW 0.12 | FPS 105953
  -> Eval SR: 0.672
  -> New Best SR: 0.672
[B] Upd   50 | EV -0.01 | KL 0.0045 | DA_std 88.48 | W_max 0.24 | Tr_max 3.78 | PolW 0.13 | FPS 58962
  -> Eval SR: 0.703
  -> New Best SR: 0.703
[B] Upd   60 | EV -0.01 | KL 0.0050 | DA_std 99.37 | W_max 0.24 | Tr_max 3.61 | PolW 0.15 | FPS 59350
  -> Eval SR: 0.656
[B] Upd   70 | EV -0.01 | KL 0.0045 | DA_std 111.62 | W_max 0.25 | Tr_max 3.53 | PolW 0.15 | FPS 58078
  -> Eval SR: 0.750
  -> New Best SR: 0.750
[B] Upd   80 | EV -0.05 | KL 0.0046 | DA_std 128.30 | W_max 0.27 | Tr_max 3.32 | PolW 0.16 | FPS 57093
  -> Eval SR: 0.875
  -> New Best SR: 0.875
[B] Upd   90 | EV -0.03 | KL 0.0044 | DA_std 134.85 | W_max 0.27 | Tr_max 3.33 | PolW 0.16 | FPS 57378
  -> Eval SR: 0.859
[B] Upd  100 | EV -0.02 | KL 0.0033 | DA_std 138.96 | W_max 0.27 | Tr_max 3.30 | PolW 0.16 | FPS 57247
  -> Eval SR: 0.875
[B] Upd  110 | EV -0.00 | KL 0.0034 | DA_std 144.03 | W_max 0.28 | Tr_max 3.32 | PolW 0.17 | FPS 56849
  -> Eval SR: 0.891
  -> New Best SR: 0.891
[B] Upd  120 | EV -0.00 | KL 0.0031 | DA_std 147.31 | W_max 0.28 | Tr_max 3.32 | PolW 0.17 | FPS 56231
  -> Eval SR: 0.922
  -> New Best SR: 0.922
[B] Upd  130 | EV 0.01 | KL 0.0024 | DA_std 149.89 | W_max 0.28 | Tr_max 3.33 | PolW 0.17 | FPS 56774
  -> Eval SR: 0.938
  -> New Best SR: 0.938
[B] Upd  140 | EV -0.09 | KL 0.0035 | DA_std 159.44 | W_max 0.29 | Tr_max 3.26 | PolW 0.18 | FPS 56344
  -> Eval SR: 0.906
[B] Upd  150 | EV -0.20 | KL 0.0040 | DA_std 167.58 | W_max 0.30 | Tr_max 3.25 | PolW 0.18 | FPS 55713
  -> Eval SR: 0.984
  -> New Best SR: 0.984
[B] Upd  160 | EV -0.24 | KL 0.0038 | DA_std 171.91 | W_max 0.30 | Tr_max 3.26 | PolW 0.18 | FPS 57063
  -> Eval SR: 0.969
[B] Upd  170 | EV -0.29 | KL 0.0038 | DA_std 175.64 | W_max 0.31 | Tr_max 3.27 | PolW 0.19 | FPS 56177
  -> Eval SR: 0.938
[B] Upd  180 | EV -0.27 | KL 0.0040 | DA_std 176.92 | W_max 0.31 | Tr_max 3.33 | PolW 0.19 | FPS 55720
  -> Eval SR: 0.938
[B] Upd  190 | EV -0.31 | KL 0.0033 | DA_std 180.02 | W_max 0.31 | Tr_max 3.33 | PolW 0.19 | FPS 55898
  -> Eval SR: 0.984
