Using device: cuda
Parallel Envs: 4096
Stage-B: Training BG + Thalamus + Cerebellum + PredHead (316575 params)
Starting Vectorized PPO Training (4096 envs, 128 steps/upd)...
/home/ahmed/.local/lib/python3.13/site-packages/numpy/_core/fromnumeric.py:3860: RuntimeWarning: Mean of empty slice.
  return _methods._mean(a, axis=axis, dtype=dtype,
/home/ahmed/.local/lib/python3.13/site-packages/numpy/_core/_methods.py:144: RuntimeWarning: invalid value encountered in scalar divide
  ret = ret.dtype.type(ret / rcount)
[B] Upd   10 | EV 0.04 | KL 0.0037 | DA_std 23.33 | W_max 0.20 | Tr_max 9.68 | PolW 0.05 | FPS 60548
  -> Eval SR: 0.266
  -> New Best SR: 0.266
[B] Upd   20 | EV 0.03 | KL 0.0050 | DA_std 36.53 | W_max 0.21 | Tr_max 6.53 | PolW 0.08 | FPS 60140
  -> Eval SR: 0.484
  -> New Best SR: 0.484
[B] Upd   30 | EV -0.00 | KL 0.0052 | DA_std 51.29 | W_max 0.21 | Tr_max 4.64 | PolW 0.10 | FPS 59718
  -> Eval SR: 0.656
  -> New Best SR: 0.656
[B] Upd   40 | EV -0.01 | KL 0.0034 | DA_std 70.29 | W_max 0.22 | Tr_max 3.88 | PolW 0.12 | FPS 59981
  -> Eval SR: 0.578
[B] Upd   50 | EV 0.01 | KL 0.0039 | DA_std 75.08 | W_max 0.22 | Tr_max 3.70 | PolW 0.14 | FPS 59765
  -> Eval SR: 0.734
  -> New Best SR: 0.734
[B] Upd   60 | EV 0.01 | KL 0.0041 | DA_std 92.04 | W_max 0.23 | Tr_max 3.50 | PolW 0.15 | FPS 58967
  -> Eval SR: 0.797
  -> New Best SR: 0.797
[B] Upd   70 | EV -0.01 | KL 0.0039 | DA_std 104.23 | W_max 0.24 | Tr_max 3.34 | PolW 0.15 | FPS 59459
  -> Eval SR: 0.734
[B] Upd   80 | EV 0.00 | KL 0.0042 | DA_std 115.08 | W_max 0.25 | Tr_max 3.28 | PolW 0.16 | FPS 58260
  -> Eval SR: 0.812
  -> New Best SR: 0.812
[B] Upd   90 | EV -0.02 | KL 0.0030 | DA_std 126.65 | W_max 0.26 | Tr_max 3.22 | PolW 0.17 | FPS 57600
  -> Eval SR: 0.875
  -> New Best SR: 0.875
[B] Upd  100 | EV -0.05 | KL 0.0040 | DA_std 136.34 | W_max 0.27 | Tr_max 3.12 | PolW 0.17 | FPS 57548
  -> Eval SR: 0.859
[B] Upd  110 | EV -0.07 | KL 0.0062 | DA_std 143.63 | W_max 0.27 | Tr_max 3.08 | PolW 0.18 | FPS 58140
  -> Eval SR: 0.859
[B] Upd  120 | EV -0.06 | KL 0.0029 | DA_std 146.88 | W_max 0.27 | Tr_max 3.11 | PolW 0.19 | FPS 56675
  -> Eval SR: 0.922
  -> New Best SR: 0.922
[B] Upd  130 | EV -0.08 | KL 0.0027 | DA_std 148.81 | W_max 0.28 | Tr_max 3.10 | PolW 0.19 | FPS 58018
  -> Eval SR: 0.875
[B] Upd  140 | EV -0.10 | KL 0.0030 | DA_std 155.96 | W_max 0.28 | Tr_max 3.07 | PolW 0.19 | FPS 56721
  -> Eval SR: 0.922
[B] Upd  150 | EV -0.21 | KL 0.0035 | DA_std 164.43 | W_max 0.29 | Tr_max 3.03 | PolW 0.20 | FPS 57446
  -> Eval SR: 0.938
  -> New Best SR: 0.938
[B] Upd  160 | EV -0.19 | KL 0.0031 | DA_std 162.92 | W_max 0.29 | Tr_max 3.08 | PolW 0.20 | FPS 56870
  -> Eval SR: 0.969
  -> New Best SR: 0.969
[B] Upd  170 | EV -0.25 | KL 0.0031 | DA_std 170.65 | W_max 0.30 | Tr_max 3.04 | PolW 0.21 | FPS 56708
  -> Eval SR: 0.969
[B] Upd  180 | EV -0.26 | KL 0.0022 | DA_std 174.53 | W_max 0.30 | Tr_max 3.03 | PolW 0.22 | FPS 56199
  -> Eval SR: 0.984
  -> New Best SR: 0.984
[B] Upd  190 | EV -0.29 | KL 0.0042 | DA_std 177.18 | W_max 0.30 | Tr_max 3.05 | PolW 0.22 | FPS 55525
  -> Eval SR: 0.984
