Using device: cuda
Parallel Envs: 4096
Stage-B: Training BG + Thalamus + Cerebellum + PredHead (316575 params)
Starting Vectorized PPO Training (4096 envs, 128 steps/upd)...
/home/ahmed/.local/lib/python3.13/site-packages/numpy/_core/fromnumeric.py:3860: RuntimeWarning: Mean of empty slice.
  return _methods._mean(a, axis=axis, dtype=dtype,
/home/ahmed/.local/lib/python3.13/site-packages/numpy/_core/_methods.py:144: RuntimeWarning: invalid value encountered in scalar divide
  ret = ret.dtype.type(ret / rcount)
[B] Upd   10 | EV 0.03 | KL 0.0058 | DA_std 11.68 | W_max 0.21 | Tr_max 15.11 | PolW 0.04 | FPS 60616
  -> Eval SR: 0.266
  -> New Best SR: 0.266
[B] Upd   20 | EV 0.03 | KL 0.0053 | DA_std 30.39 | W_max 0.23 | Tr_max 9.86 | PolW 0.08 | FPS 60353
  -> Eval SR: 0.625
  -> New Best SR: 0.625
[B] Upd   30 | EV 0.02 | KL 0.0054 | DA_std 48.02 | W_max 0.22 | Tr_max 6.35 | PolW 0.08 | FPS 58633
  -> Eval SR: 0.641
  -> New Best SR: 0.641
[B] Upd   40 | EV 0.00 | KL 0.0051 | DA_std 65.94 | W_max 0.23 | Tr_max 5.04 | PolW 0.12 | FPS 60292
  -> Eval SR: 0.594
[B] Upd   50 | EV 0.03 | KL 0.0051 | DA_std 71.79 | W_max 0.23 | Tr_max 4.59 | PolW 0.14 | FPS 59206
  -> Eval SR: 0.766
  -> New Best SR: 0.766
[B] Upd   60 | EV 0.00 | KL 0.0048 | DA_std 86.33 | W_max 0.24 | Tr_max 4.36 | PolW 0.15 | FPS 59623
  -> Eval SR: 0.750
[B] Upd   70 | EV 0.02 | KL 0.0054 | DA_std 92.21 | W_max 0.25 | Tr_max 4.31 | PolW 0.16 | FPS 58397
  -> Eval SR: 0.797
  -> New Best SR: 0.797
[B] Upd   80 | EV 0.00 | KL 0.0052 | DA_std 105.89 | W_max 0.26 | Tr_max 4.17 | PolW 0.17 | FPS 58297
  -> Eval SR: 0.828
  -> New Best SR: 0.828
[B] Upd   90 | EV -0.03 | KL 0.0051 | DA_std 118.52 | W_max 0.27 | Tr_max 3.97 | PolW 0.18 | FPS 57109
  -> Eval SR: 0.891
  -> New Best SR: 0.891
[B] Upd  100 | EV -0.01 | KL 0.0039 | DA_std 126.19 | W_max 0.28 | Tr_max 3.93 | PolW 0.19 | FPS 58396
  -> Eval SR: 0.844
[B] Upd  110 | EV -0.05 | KL 0.0046 | DA_std 134.74 | W_max 0.28 | Tr_max 3.83 | PolW 0.19 | FPS 58668
  -> Eval SR: 0.859
[B] Upd  120 | EV -0.06 | KL 0.0043 | DA_std 142.98 | W_max 0.29 | Tr_max 3.74 | PolW 0.20 | FPS 58107
  -> Eval SR: 0.828
[B] Upd  130 | EV -0.10 | KL 0.0044 | DA_std 147.29 | W_max 0.29 | Tr_max 3.75 | PolW 0.20 | FPS 57421
  -> Eval SR: 0.891
[B] Upd  140 | EV -0.11 | KL 0.0047 | DA_std 153.78 | W_max 0.30 | Tr_max 3.71 | PolW 0.20 | FPS 57471
  -> Eval SR: 0.891
[B] Upd  150 | EV -0.24 | KL 0.0050 | DA_std 164.51 | W_max 0.31 | Tr_max 3.61 | PolW 0.21 | FPS 56837
  -> Eval SR: 0.891
[B] Upd  160 | EV -0.23 | KL 0.0052 | DA_std 166.67 | W_max 0.31 | Tr_max 3.64 | PolW 0.22 | FPS 56568
  -> Eval SR: 0.938
  -> New Best SR: 0.938
[B] Upd  170 | EV -0.33 | KL 0.0045 | DA_std 173.05 | W_max 0.32 | Tr_max 3.59 | PolW 0.23 | FPS 56060
  -> Eval SR: 0.984
  -> New Best SR: 0.984
[B] Upd  180 | EV -0.34 | KL 0.0046 | DA_std 176.57 | W_max 0.32 | Tr_max 3.62 | PolW 0.23 | FPS 56118
  -> Eval SR: 0.953
[B] Upd  190 | EV -0.40 | KL 0.0078 | DA_std 178.80 | W_max 0.32 | Tr_max 3.64 | PolW 0.23 | FPS 56644
  -> Eval SR: 0.953
