Using device: cuda
Parallel Envs: 4096
Stage-B: Training BG + Thalamus + Cerebellum + PredHead (316575 params)
Starting Vectorized PPO Training (4096 envs, 128 steps/upd)...
/home/ahmed/.local/lib/python3.13/site-packages/numpy/_core/fromnumeric.py:3860: RuntimeWarning: Mean of empty slice.
  return _methods._mean(a, axis=axis, dtype=dtype,
/home/ahmed/.local/lib/python3.13/site-packages/numpy/_core/_methods.py:144: RuntimeWarning: invalid value encountered in scalar divide
  ret = ret.dtype.type(ret / rcount)
[B] Upd   10 | EV 0.07 | KL 0.0040 | DA_std 38.58 | W_max 0.23 | Tr_max 5.25 | PolW 0.05 | FPS 50954
  -> Eval SR: 0.391
  -> New Best SR: 0.391
[B] Upd   20 | EV 0.10 | KL 0.0050 | DA_std 79.65 | W_max 0.23 | Tr_max 3.42 | PolW 0.06 | FPS 49900
  -> Eval SR: 0.547
  -> New Best SR: 0.547
[B] Upd   30 | EV 0.09 | KL 0.0038 | DA_std 114.29 | W_max 0.24 | Tr_max 2.58 | PolW 0.08 | FPS 49676
  -> Eval SR: 0.781
  -> New Best SR: 0.781
[B] Upd   40 | EV 0.14 | KL 0.0046 | DA_std 140.49 | W_max 0.23 | Tr_max 2.29 | PolW 0.09 | FPS 48758
  -> Eval SR: 0.703
[B] Upd   50 | EV 0.10 | KL 0.0044 | DA_std 170.91 | W_max 0.25 | Tr_max 2.05 | PolW 0.09 | FPS 48468
  -> Eval SR: 0.797
  -> New Best SR: 0.797
[B] Upd   60 | EV 0.05 | KL 0.0036 | DA_std 205.50 | W_max 0.26 | Tr_max 1.86 | PolW 0.09 | FPS 48208
  -> Eval SR: 0.828
  -> New Best SR: 0.828
[B] Upd   70 | EV 0.04 | KL 0.0029 | DA_std 232.56 | W_max 0.27 | Tr_max 1.69 | PolW 0.10 | FPS 46120
  -> Eval SR: 0.984
  -> New Best SR: 0.984
