Using device: cuda
Parallel Envs: 4096
Stage-B: Training BG + Thalamus + Cerebellum + PredHead (316575 params)
Starting Vectorized PPO Training (4096 envs, 128 steps/upd)...
/home/ahmed/.local/lib/python3.13/site-packages/numpy/_core/fromnumeric.py:3860: RuntimeWarning: Mean of empty slice.
  return _methods._mean(a, axis=axis, dtype=dtype,
/home/ahmed/.local/lib/python3.13/site-packages/numpy/_core/_methods.py:144: RuntimeWarning: invalid value encountered in scalar divide
  ret = ret.dtype.type(ret / rcount)
[B] Upd   10 | EV 0.07 | KL 0.0038 | DA_std 41.12 | W_max 0.27 | Tr_max 7.73 | PolW 0.05 | FPS 52312
  -> Eval SR: 0.391
  -> New Best SR: 0.391
[B] Upd   20 | EV 0.09 | KL 0.0042 | DA_std 81.09 | W_max 0.24 | Tr_max 4.16 | PolW 0.08 | FPS 51952
  -> Eval SR: 0.672
  -> New Best SR: 0.672
[B] Upd   30 | EV 0.09 | KL 0.0077 | DA_std 127.43 | W_max 0.25 | Tr_max 2.99 | PolW 0.07 | FPS 50978
  -> Eval SR: 0.672
[B] Upd   40 | EV 0.06 | KL 0.0025 | DA_std 157.95 | W_max 0.26 | Tr_max 2.56 | PolW 0.09 | FPS 48853
  -> Eval SR: 0.828
  -> New Best SR: 0.828
[B] Upd   50 | EV 0.06 | KL 0.0030 | DA_std 188.52 | W_max 0.27 | Tr_max 2.37 | PolW 0.09 | FPS 47825
  -> Eval SR: 0.891
  -> New Best SR: 0.891
[B] Upd   60 | EV 0.04 | KL 0.0028 | DA_std 215.68 | W_max 0.28 | Tr_max 2.15 | PolW 0.10 | FPS 44899
  -> Eval SR: 0.844
[B] Upd   70 | EV 0.03 | KL 0.0025 | DA_std 233.60 | W_max 0.29 | Tr_max 1.99 | PolW 0.11 | FPS 45608
  -> Eval SR: 0.938
  -> New Best SR: 0.938
[B] Upd   80 | EV 0.05 | KL 0.0030 | DA_std 244.13 | W_max 0.29 | Tr_max 1.86 | PolW 0.11 | FPS 43345
  -> Eval SR: 0.938
